// Jest Snapshot v1, https://goo.gl/fbAQLP

exports[`EditableField render correctly 1`] = `
<div
  className="editable-field"
>
  <div
    className="editable-field__container"
  >
    <div
      className="editable-field__present"
      onDoubleClick={[Function]}
      style={
        Object {
          "display": "block",
        }
      }
    >
      test data
    </div>
    <input
      defaultValue="test data"
      name="test name"
      onBlur={[Function]}
      style={
        Object {
          "display": "none",
        }
      }
      type="text"
    />
  </div>
</div>
`;
