// Jest Snapshot v1, https://goo.gl/fbAQLP

exports[`DataGrid should render correctly 1`] = `
<div
  className="admin-data-grid row-data"
>
  
  <div
    className="test-class-name"
  >
    <div
      className="test-class-name__name"
    >
      Test Row
    </div>
    <div
      className="test-class-name__key"
    >
      test-row
    </div>
    <div
      className="test-class-name__status"
    >
      Archived
    </div>
    <div
      className="test-class-name__action"
    >
      <div
        className="test-class-name__remove"
        onClick={undefined}
      >
        Delete
      </div>
      <a
        className="test-class-name__edit"
        href="/base-url/test-row"
        onClick={[Function]}
      >
        Edit
      </a>
    </div>
  </div>
</div>
`;
