// Jest Snapshot v1, https://goo.gl/fbAQLP

exports[`GridIndex render correctly 1`] = `
<div
  className={undefined}
>
  <div
    className="messages"
  >
    
  </div>
  <div
    className="filter-box"
  >
    <form
      className="search-box "
      onSubmit={[Function]}
    >
      <input
        placeholder="Enter your search here"
        type="text"
      />
      <button
        type="submit"
      >
        Search
      </button>
      <button
        onClick={[Function]}
        type="button"
      >
        Clear
      </button>
    </form>
    <div
      className="sorter-box"
    >
      <div>
        <select
          className="sorter-box__field"
          onChange={[Function]}
        >
          <option
            value="name"
          >
             
            Name
          </option>
          <option
            value="description"
          >
             
            Description
          </option>
        </select>
        <select
          className="sorter-box__direction"
          onChange={[Function]}
        >
          <option
            value="true"
          >
            DESC
          </option>
          <option
            value="false"
          >
            ASC
          </option>
        </select>
      </div>
    </div>
  </div>
  <div
    className="pagination"
  >
    <div
      className="pagination-next"
      onClick={[Function]}
    >
      Next
    </div>
    <div
      className="pagination-previous"
      onClick={[Function]}
    >
      Prev
    </div>
  </div>
  <div>
    
    <div
      className="admin-data-grid undefined"
    >
      <div
        className="admin-grid-row"
      >
        <div
          className="admin-grid-row__name"
        >
          Snake
        </div>
        <div
          className="admin-grid-row__key"
        >
          snake-S16NWzphW
        </div>
        <div
          className="admin-grid-row__status"
        >
          Active
        </div>
        <div
          className="admin-grid-row__action"
        >
          <div
            className="admin-grid-row__remove"
            onClick={[Function]}
          >
            Delete
          </div>
          <a
            className="admin-grid-row__edit"
            href="//snake-S16NWzphW"
            onClick={[Function]}
          >
            Edit
          </a>
        </div>
      </div>
      <div
        className="admin-grid-row"
      >
        <div
          className="admin-grid-row__name"
        >
          Snake 1
        </div>
        <div
          className="admin-grid-row__key"
        >
          snake-S26NWzphW
        </div>
        <div
          className="admin-grid-row__status"
        >
          Active
        </div>
        <div
          className="admin-grid-row__action"
        >
          <div
            className="admin-grid-row__remove"
            onClick={[Function]}
          >
            Delete
          </div>
          <a
            className="admin-grid-row__edit"
            href="//snake-S26NWzphW"
            onClick={[Function]}
          >
            Edit
          </a>
        </div>
      </div>
    </div>
  </div>
  <div
    className="pagination"
  >
    <div
      className="pagination-next"
      onClick={[Function]}
    >
      Next
    </div>
    <div
      className="pagination-previous"
      onClick={[Function]}
    >
      Prev
    </div>
  </div>
</div>
`;
