// Jest Snapshot v1, https://goo.gl/fbAQLP

exports[`SearchBox render correctly without error 1`] = `
<form
  className="search-box search-box-container"
  onSubmit={[Function]}
>
  <input
    placeholder="Enter your search here"
    type="text"
  />
  <button
    type="submit"
  >
    Search
  </button>
  <button
    onClick={[Function]}
    type="button"
  >
    Clear
  </button>
</form>
`;
