// Jest Snapshot v1, https://goo.gl/fbAQLP

exports[`SorterBox render correctly without error 1`] = `
<div
  className="sorter-box"
>
  <div>
    <select
      className="sorter-box__field"
      onChange={[Function]}
    >
      <option
        value="name"
      >
         
        Name
      </option>
      <option
        value="title"
      >
         
        Title
      </option>
      <option
        value="description"
      >
         
        Description
      </option>
    </select>
    <select
      className="sorter-box__direction"
      onChange={[Function]}
    >
      <option
        value="true"
      >
        DESC
      </option>
      <option
        value="false"
      >
        ASC
      </option>
    </select>
  </div>
</div>
`;
